root - ERROR - Unable to create client: The first name cannot be blank.


root - ERROR - Unable to create client: The first name cannot be blank.


root - ERROR - Unable to create client: The first name cannot be blank.


root - ERROR - Unable to create client: The first name cannot be blank.


root - ERROR - Unable to create client: The first name cannot be blank.


root - ERROR - Unable to create client: The first name cannot be blank.


root - ERROR - Unable to create client: The first name cannot be blank.


root - ERROR - Unable to create client: The first name cannot be blank.


root - ERROR - Unable to create client: The first name cannot be blank.


root - ERROR - Unable to create client: The first name cannot be blank.


root - ERROR - Unable to create client: First Name, Last Name, and Email cannot be blank.


root - ERROR - Not a valid account type.: ChequingAccount


root - ERROR - Unable to create bank account from row : 'interest_rate'


root - ERROR - Unable to create bank account from row : 'interest_rate'


root - ERROR - Not a valid account type.: ChequingAccount


root - ERROR - Not a valid account type.: InvestmentAccount


root - ERROR - Unable to create bank account from row : 'interest_rate'


root - ERROR - Not a valid account type.: ChequingAccount


root - ERROR - Not a valid account type.: InvestmentAccount


root - ERROR - Unable to create bank account from row : 'interest_rate'


root - ERROR - Not a valid account type.: ChequingAccount


root - ERROR - Not a valid account type.: InvestmentAccount


root - ERROR - Unable to create bank account from row : 'interest_rate'


root - ERROR - Not a valid account type.: ChequingAccount


root - ERROR - Not a valid account type.: InvestmentAccount


root - ERROR - Unable to create bank account from row : 'interest_rate'


root - ERROR - Not a valid account type.: ChequingAccount


root - ERROR - Not a valid account type.: InvestmentAccount


root - ERROR - Unable to create bank account from row : 'interest_rate'


root - ERROR - Not a valid account type.: ChequingAccount


root - ERROR - Not a valid account type.: InvestmentAccount


root - ERROR - Unable to create bank account from row : 'interest_rate'


root - ERROR - Not a valid account type.: ChequingAccount


root - ERROR - Not a valid account type.: InvestmentAccount


root - ERROR - Unable to create bank account from row : 'interest_rate'


root - ERROR - Not a valid account type.: ChequingAccount


root - ERROR - Not a valid account type.: InvestmentAccount


root - ERROR - Unable to create bank account from row : 'interest_rate'


root - ERROR - Not a valid account type.: ChequingAccount


root - ERROR - Not a valid account type.: InvestmentAccount


root - ERROR - Unable to create bank account from row : 'interest_rate'


root - ERROR - Not a valid account type.: ChequingAccount


root - ERROR - Not a valid account type.: InvestmentAccount


root - ERROR - Unable to create bank account from row : 'interest_rate'


root - ERROR - Not a valid account type.: ChequingAccount


root - ERROR - Not a valid account type.: InvestmentAccount


root - ERROR - Unable to create bank account from row : 'interest_rate'


root - ERROR - Not a valid account type.: ChequingAccount


root - ERROR - Not a valid account type.: InvestmentAccount


root - ERROR - Unable to create bank account from row : 'interest_rate'


root - ERROR - Not a valid account type.: ChequingAccount


root - ERROR - Not a valid account type.: InvestmentAccount


root - ERROR - Unable to create bank account from row : 'interest_rate'


root - ERROR - Not a valid account type.: ChequingAccount


root - ERROR - Not a valid account type.: InvestmentAccount


root - ERROR - Unable to create bank account from row : 'interest_rate'


root - ERROR - Not a valid account type.: ChequingAccount


root - ERROR - Not a valid account type.: InvestmentAccount


root - ERROR - Unable to create bank account from row : 'interest_rate'


root - ERROR - Not a valid account type.: ChequingAccount


root - ERROR - Not a valid account type.: InvestmentAccount


root - ERROR - Unable to create bank account from row : 'interest_rate'


root - ERROR - Not a valid account type.: ChequingAccount


root - ERROR - Not a valid account type.: InvestmentAccount


root - ERROR - Unable to create bank account from row : 'interest_rate'


root - ERROR - Not a valid account type.: ChequingAccount


root - ERROR - Not a valid account type.: InvestmentAccount


root - ERROR - Unable to create bank account from row : 'interest_rate'


root - ERROR - Not a valid account type.: ChequingAccount


root - ERROR - Not a valid account type.: InvestmentAccount


root - ERROR - Unable to create bank account from row : 'interest_rate'


root - ERROR - Not a valid account type.: ChequingAccount


root - ERROR - Not a valid account type.: InvestmentAccount


root - ERROR - Unable to create bank account from row : 'interest_rate'


root - ERROR - Not a valid account type.: ChequingAccount


root - ERROR - Not a valid account type.: InvestmentAccount


root - ERROR - Unable to create bank account from row : 'interest_rate'


root - ERROR - Not a valid account type.: ChequingAccount


root - ERROR - Not a valid account type.: InvestmentAccount


root - ERROR - Unable to create bank account from row : 'interest_rate'


root - ERROR - Not a valid account type.: ChequingAccount


root - ERROR - Not a valid account type.: InvestmentAccount


root - ERROR - Unable to create bank account from row : 'interest_rate'


root - ERROR - Not a valid account type.: ChequingAccount


root - ERROR - Not a valid account type.: InvestmentAccount


root - ERROR - Unable to create bank account from row : 'interest_rate'


root - ERROR - Not a valid account type.: ChequingAccount


root - ERROR - Not a valid account type.: InvestmentAccount


root - ERROR - Unable to create bank account from row : 'interest_rate'


root - ERROR - Not a valid account type.: ChequingAccount


root - ERROR - Not a valid account type.: InvestmentAccount


root - ERROR - Unable to create bank account from row : 'interest_rate'


root - ERROR - Not a valid account type.: ChequingAccount


root - ERROR - Not a valid account type.: InvestmentAccount


root - ERROR - Unable to create bank account from row : 'interest_rate'


root - ERROR - Not a valid account type.: ChequingAccount


root - ERROR - Not a valid account type.: InvestmentAccount


root - ERROR - Unable to create bank account from row : 'interest_rate'


root - ERROR - Not a valid account type.: ChequingAccount


root - ERROR - Not a valid account type.: InvestmentAccount


root - ERROR - Unable to create bank account from row : 'interest_rate'


root - ERROR - Not a valid account type.: ChequingAccount


root - ERROR - Not a valid account type.: InvestmentAccount


root - ERROR - Unable to create bank account from row : 'interest_rate'


root - ERROR - Not a valid account type.: ChequingAccount


root - ERROR - Not a valid account type.: InvestmentAccount


root - ERROR - Unable to create bank account from row : 'interest_rate'


root - ERROR - Not a valid account type.: ChequingAccount


root - ERROR - Unable to create bank account from row : could not convert string to float: 'ten'


root - ERROR - Unable to create bank account from row : time data '20230915' does not match format '%Y-%m-%d'


root - ERROR - Not a valid account type.: InvestmentAccoun


root - ERROR - Unable to create bank account from row : 'interest_rate'


